// Jest Snapshot v1, https://goo.gl/fbAQLP

exports[`eslint-config-qiwi (JavaScript) config works as expected 1`] = `
Object {
  "err": Object {
    "code": 1,
    "killed": false,
    "signal": null,
  },
  "stderr": "",
  "stdout": "/src/test/js/rules/trailing-comma-fail.js
  8:4  error  Parsing error: Type expected

/src/test/js/rules/trailing-comma.js
  3:7  error  Unexpected trailing comma  comma-dangle

âœ– 2 problems (2 errors, 0 warnings)
  1 error and 0 warnings potentially fixable with the \`--fix\` option.",
}
`;
