// Jest Snapshot v1, https://goo.gl/fbAQLP

exports[`tslint-config-qiwi config works as expected 1`] = `
Object {
  "err": Object {
    "code": 2,
    "killed": false,
    "signal": null,
  },
  "stderr": "",
  "stdout": "ERROR: /src/test/ts/rules/trailing-comma-fail.ts:3:7 - Missing trailing comma
ERROR: /src/test/ts/rules/trailing-comma-fail.ts:9:17 - Forbidden trailing comma",
}
`;
