ERROR: /rules/trailing-comma-fail.ts:3:7 - Missing trailing comma